#0 building with "desktop-linux" instance using docker driver

#1 [internal] load build definition from Dockerfile
#1 transferring dockerfile: 1.35kB done
#1 WARN: JSONArgsRecommended: JSON arguments recommended for CMD to prevent unintended behavior related to OS signals (line 35)
#1 DONE 0.0s

#2 [internal] load metadata for docker.io/sswiston/phylo_docker:basic_arm64
#2 DONE 0.0s

#3 [internal] load .dockerignore
#3 transferring context: 2B done
#3 DONE 0.0s

#4 [ 1/19] FROM docker.io/sswiston/phylo_docker:basic_arm64
#4 DONE 0.0s

#5 [internal] load build context
#5 transferring context: 1.98kB done
#5 DONE 0.0s

#6 [13/19] RUN sed -i -e 's/configure --prefix=${ncl_folder}/configure --prefix=${ncl_folder} --build=aarch64-unknown-linux-gnu/g' install.sh
#6 CACHED

#7 [ 7/19] RUN ./build.sh
#7 CACHED

#8 [ 9/19] RUN git clone https://bitbucket.org/mrmay/tensorphylo.git /tensorphylo
#8 CACHED

#9 [ 2/19] RUN apk add boost-dev
#9 CACHED

#10 [ 3/19] RUN git clone https://github.com/revbayes/revbayes.git /revbayes
#10 CACHED

#11 [ 8/19] RUN ln -s /revbayes/projects/cmake/build/rb /usr/local/bin/rb
#11 CACHED

#12 [12/19] WORKDIR /tensorphylo/build/installer/
#12 CACHED

#13 [ 6/19] WORKDIR /revbayes/projects/cmake/
#13 CACHED

#14 [10/19] WORKDIR /tensorphylo/
#14 CACHED

#15 [14/19] RUN bash install.sh &&     mkdir /.plugins &&     cp /tensorphylo/build/installer/lib/libTensorPhylo.so /.plugins/libTensorPhylo.so
#15 CACHED

#16 [ 5/19] RUN git checkout stochmap_tp_dirty_merge
#16 CACHED

#17 [ 4/19] WORKDIR /revbayes/
#17 CACHED

#18 [11/19] RUN git checkout tree-inference
#18 CACHED

#19 [15/19] COPY dockerfile_slim_arm64.txt /dockerfile_slim_arm64.txt
#19 CACHED

#20 [16/19] COPY test.sh /test.sh
#20 DONE 0.0s

#21 exporting to image
#21 exporting layers 0.0s done
#21 writing image sha256:b5e7bdb96b4ac3d9257cecc6959f32ef8103533cd46e79d6283f2a770ef33ea9 done
#21 naming to docker.io/sswiston/phylo_docker:slim_arm64 done
#21 DONE 0.0s

View build details: docker-desktop://dashboard/build/desktop-linux/desktop-linux/p4yrnx9l74f9xm07rwpu6a27u

 [33m1 warning found (use docker --debug to expand):
[0m - JSONArgsRecommended: JSON arguments recommended for CMD to prevent unintended behavior related to OS signals (line 35)
