#0 building with "desktop-linux" instance using docker driver

#1 [internal] load build definition from Dockerfile
#1 transferring dockerfile: 1.51kB done
#1 DONE 0.0s

#2 [internal] load metadata for docker.io/frolvlad/alpine-glibc:latest
#2 DONE 0.3s

#3 [internal] load .dockerignore
#3 transferring context: 2B done
#3 DONE 0.0s

#4 [ 1/16] FROM docker.io/frolvlad/alpine-glibc:latest@sha256:fffd7f5dbd5e8d12f11925e49122943a2e5029a340e582b5c99597a9e16d1bd5
#4 DONE 0.0s

#5 [ 6/16] WORKDIR /R-4.4.0
#5 CACHED

#6 [ 2/16] RUN apk update &&     apk upgrade &&     apk add bash git unzip vim gcc g++ cmake protoc make automake autoconf curl curl-dev gfortran build-base
#6 CACHED

#7 [ 5/16] RUN wget https://cran.r-project.org/src/base/R-4/R-4.4.0.tar.gz &&     tar xfz R-4.4.0.tar.gz; rm R-4.4.0.tar.gz
#7 CACHED

#8 [ 3/16] RUN apk add python3 python3-dev &&     ln -s /usr/bin/python3 /usr/local/bin/python &&     apk add py3-pip
#8 CACHED

#9 [ 4/16] RUN apk add --no-cache bzip2-dev ca-certificates pcre2-dev readline-dev xz-dev tzdata
#9 CACHED

#10 [ 7/16] RUN ./configure --with-x=no --enable-R-shlib --enable-memory-profiling &&     make -s ; make install
#10 CACHED

#11 [internal] load build context
#11 transferring context: 1.55kB done
#11 DONE 0.0s

#12 [ 8/16] RUN wget https://julialang-s3.julialang.org/bin/musl/x64/1.10/julia-1.10.4-musl-x86_64.tar.gz &&     tar xfz julia-1.10.4-musl-x86_64.tar.gz ; rm julia-1.10.4-musl-x86_64.tar.gz
#12 0.282 Connecting to julialang-s3.julialang.org (199.232.70.49:443)
#12 0.429 saving to 'julia-1.10.4-musl-x86_64.tar.gz'
#12 1.355 julia-1.10.4-musl-x8  19% |******                          | 32.3M  0:00:04 ETA
#12 2.349 julia-1.10.4-musl-x8  50% |****************                | 83.1M  0:00:01 ETA
#12 3.351 julia-1.10.4-musl-x8  82% |**************************      |  136M  0:00:00 ETA
#12 3.971 julia-1.10.4-musl-x8 100% |********************************|  166M  0:00:00 ETA
#12 3.971 'julia-1.10.4-musl-x86_64.tar.gz' saved
#12 DONE 16.8s

#13 [ 9/16] RUN ln -s /julia-1.10.4/bin/julia /usr/local/bin/julia
#13 DONE 0.3s

#14 [10/16] COPY dockerfile_basic_amd64.txt /dockerfile_basic_amd64.txt
#14 DONE 0.1s

#15 [11/16] COPY test.sh /test.sh
#15 DONE 0.0s

#16 exporting to image
#16 exporting layers
#16 exporting layers 3.9s done
#16 writing image sha256:914c7ff0146bcde229fa45288b00ef9fc9bf51a7a2cdbe3c06fbb896bf1d24b6
#16 writing image sha256:914c7ff0146bcde229fa45288b00ef9fc9bf51a7a2cdbe3c06fbb896bf1d24b6 0.0s done
#16 naming to docker.io/sswiston/phylo_docker:basic_amd64 0.0s done
#16 DONE 4.0s

View build details: docker-desktop://dashboard/build/desktop-linux/desktop-linux/lut32k2wgwxy28gyqw30pgu23

 [33m6 warnings found (use docker --debug to expand):
[0m - LegacyKeyValueFormat: "ENV key=value" should be used instead of legacy "ENV key value" format (line 25)
 - LegacyKeyValueFormat: "ENV key=value" should be used instead of legacy "ENV key value" format (line 26)
 - UndefinedVar: Usage of undefined variable '$LD_LIBRARY_PATH' (line 27)
 - LegacyKeyValueFormat: "ENV key=value" should be used instead of legacy "ENV key value" format (line 27)
 - JSONArgsRecommended: JSON arguments recommended for CMD to prevent unintended behavior related to OS signals (line 42)
 - LegacyKeyValueFormat: "ENV key=value" should be used instead of legacy "ENV key value" format (line 24)
