#0 building with "desktop-linux" instance using docker driver

#1 [internal] load build definition from Dockerfile
#1 transferring dockerfile: 6.86kB done
#1 WARN: JSONArgsRecommended: JSON arguments recommended for CMD to prevent unintended behavior related to OS signals (line 109)
#1 DONE 0.0s

#2 [internal] load metadata for docker.io/sswiston/phylo_docker:slim_amd64
#2 DONE 0.0s

#3 [internal] load .dockerignore
#3 transferring context: 2B done
#3 DONE 0.0s

#4 [ 1/33] FROM docker.io/sswiston/phylo_docker:slim_amd64
#4 DONE 0.0s

#5 [internal] load build context
#5 transferring context: 9.37kB done
#5 DONE 0.0s

#6 [24/33] RUN julia -e 'import Pkg; Pkg.update()' &&     julia -e 'import Pkg; Pkg.add("Combinatorics"); using Combinatorics' &&     julia -e 'import Pkg; Pkg.add("PProf"); using PProf' &&     julia -e 'import Pkg; Pkg.add("Distributions"); using Distributions' &&     julia -e 'import Pkg; Pkg.add("Phylo"); using Phylo' &&     julia -e 'import Pkg; Pkg.add("Optim"); using Optim' &&     julia -e 'import Pkg; Pkg.add("RCall"); using RCall' &&     julia -e 'import Pkg; Pkg.add(Pkg.PackageSpec(;name="Tapestree",version="0.3.0")); using Tapestree' &&     julia -e 'import Pkg; Pkg.add("Parameters"); using Parameters' &&     julia -e 'import Pkg; Pkg.add("StaticArrays"); using StaticArrays' &&     julia -e 'import Pkg; Pkg.add("BenchmarkTools"); using BenchmarkTools' &&     julia -e 'import Pkg; Pkg.add("SIMD"); using SIMD' &&     julia -e 'import Pkg; Pkg.add("Setfield"); using Setfield' &&     julia -e 'import Pkg; Pkg.add("KernelDensity"); using KernelDensity' &&     julia -e 'import Pkg; Pkg.add("PDMats"); using PDMats' &&     julia -e 'import Pkg; Pkg.add("SpecialFunctions"); using SpecialFunctions' &&     julia -e 'import Pkg; Pkg.add("ExponentialUtilities"); using ExponentialUtilities' &&     julia -e 'import Pkg; Pkg.add("StatsBase"); using StatsBase'
#6 CACHED

#7 [13/33] RUN echo "PKG_CXXFLAGS += -D__MUSL__" >> /.R/Makevars
#7 CACHED

#8 [ 3/33] WORKDIR /tree
#8 CACHED

#9 [14/33] RUN echo "CXXFLAGS += -D__MUSL__" >> /.R/Makevars
#9 CACHED

#10 [ 5/33] RUN python3 setup.py install
#10 CACHED

#11 [21/33] RUN R -e "install.packages('cowplot',dependencies=TRUE,repos='http://cran.rstudio.com/')" &&     R -e "install.packages('tikzDevice',dependencies=TRUE,repos='http://cran.rstudio.com/')" &&     R -e "library(BiocManager); BiocManager::install("ggtree")" &&     R -e "library(devtools); devtools::install_github("revbayes/RevGadgets")" &&     R -e "install.packages('FossilSim',dependencies=TRUE,repos='http://cran.rstudio.com/')"
#11 CACHED

#12 [19/33] RUN R -e "install.packages('rjson',dependencies=TRUE,repos='http://cran.rstudio.com/')" &&     R -e "install.packages('rlist',dependencies=TRUE,repos='http://cran.rstudio.com/')" &&     R -e "install.packages('data.table',dependencies=TRUE,repos='http://cran.rstudio.com/')" &&     R -e "install.packages('reshape2',dependencies=TRUE,repos='http://cran.rstudio.com/')" &&     R -e "install.packages('dplyr',dependencies=TRUE,repos='http://cran.rstudio.com/')" &&     R -e "install.packages('Rmpfr',dependencies=TRUE,repos='http://cran.rstudio.com/')" &&     R -e "install.packages('sf',dependencies=TRUE,repos='http://cran.rstudio.com/')" &&     R -e "install.packages('distributions3',dependencies=TRUE,repos='http://cran.rstudio.com/')"
#12 CACHED

#13 [ 2/33] RUN git clone https://github.com/google-deepmind/tree.git
#13 CACHED

#14 [16/33] RUN cat /.R/Makevars
#14 CACHED

#15 [11/33] RUN apk add linux-headers libgit2-dev freetype-dev libxml2-dev fontconfig-dev harfbuzz-dev fribidi-dev libpng-dev tiff-dev jpeg-dev imagemagick-dev udunits-dev gdal-dev font-terminus font-noto font-noto-extra font-arabic-misc gmp-dev mpfr-dev gsl-dev proj-dev geos-dev texlive libpq-dev openssl-dev unixodbc-dev fftw-dev m4 perl mysql mysql-client libtbb-dev netcdf mariadb mariadb-client mariadb-dev
#15 CACHED

#16 [18/33] RUN R -e "install.packages('Rcpp',dependencies=TRUE,repos='http://cran.rstudio.com/')" &&     R -e "install.packages('devtools',dependencies=TRUE,repos='http://cran.rstudio.com/')"
#16 CACHED

#17 [23/33] RUN ln -s /usr/lib/libffi.so.8 /usr/lib/libffi.so.6 &&     ln -s /usr/lib/libbz2.so.1.0.8 /usr/lib/libbz2.so.1.0
#17 CACHED

#18 [ 8/33] WORKDIR /PhyloJunction/
#18 CACHED

#19 [ 4/33] RUN sed -i 's/20220623.2/20240722.rc2/g' tree/CMakeLists.txt &&     sed -i 's/773652c0fc276bcd5c461668dc112d0e3b6cde499600bfe3499c5fdda4ed4a5b/30c36fd3f54a1a2650b7e9a006139d6da24058e54a88bda21a221fba7ebf8838/g' tree/CMakeLists.txt
#19 CACHED

#20 [ 7/33] RUN git clone https://github.com/fkmendes/PhyloJunction.git
#20 CACHED

#21 [22/33] RUN apk add lzo
#21 CACHED

#22 [15/33] RUN echo "CXX1XFLAGS += -D__MUSL__" >> /.R/Makevars
#22 CACHED

#23 [20/33] RUN R -e "install.packages('HDInterval',dependencies=TRUE,repos='http://cran.rstudio.com/')" &&     R -e "install.packages('ratematrix',dependencies=TRUE,repos='http://cran.rstudio.com/')" &&     R -e "install.packages('diversitree',dependencies=TRUE,repos='http://cran.rstudio.com/')" &&     R -e "install.packages('TreeSim',dependencies=TRUE,repos='http://cran.rstudio.com/')" &&     R -e "library(remotes); remotes::install_github("tanja819/TreePar")" &&     R -e "install.packages('corHMM',dependencies=TRUE,repos='http://cran.rstudio.com/')" &&     R -e "install.packages('hisse',dependencies=TRUE,repos='http://cran.rstudio.com/')" &&     R -e "install.packages('OUwie',dependencies=TRUE,repos='http://cran.rstudio.com/')" &&     R -e "install.packages('castor',dependencies=TRUE,repos='http://cran.rstudio.com/')" &&     R -e "install.packages('TESS',dependencies=TRUE,repos='http://cran.rstudio.com/')" &&     R -e "install.packages('RPANDA',dependencies=TRUE,repos='http://cran.rstudio.com/')" &&     R -e "library(remotes); remotes::install_github("phenoscape/rphenoscape")" &&     R -e "library(remotes); remotes::install_github("uyedaj/treeplyr")" &&     R -e "library(remotes); remotes::install_github("uyedaj/rphenoscate")" &&     R -e "install.packages('paleobuddy',dependencies=TRUE,repos='http://cran.rstudio.com/')" &&     R -e "install.packages('CRABS',dependencies=TRUE,repos='http://cran.rstudio.com/')" &&     R -e "install.packages('mcmcse',dependencies=TRUE,repos='http://cran.rstudio.com/')" &&     R -e "library(devtools);install_github("ignacioq/rase")" &&     R -e "install.packages('treebalance',dependencies=TRUE,repos='http://cran.rstudio.com/')" &&     R -e "install.packages('poweRbal',dependencies=TRUE,repos='http://cran.rstudio.com/')" &&     R -e "install.packages('treestats',dependencies=TRUE,repos='http://cran.rstudio.com/')"
#23 CACHED

#24 [ 9/33] RUN python -m pip install --prefix /.local -e .
#24 CACHED

#25 [12/33] RUN mkdir /.R &&     touch /.R/Makevars
#25 CACHED

#26 [10/33] RUN apk add py3-scipy py3-seaborn py3-tabulate py3-matplotlib py3-biopython &&     python -m pip install dendropy --break-system-packages --force-reinstall
#26 CACHED

#27 [ 6/33] RUN apk add mesa-gl hdf5-dev py3-pyside6 &&     python -m pip install pysimplegui --break-system-packages
#27 CACHED

#28 [17/33] RUN apk add libtool m4 automake
#28 CACHED

#29 [25/33] COPY dockerfile_full_amd64.txt /dockerfile_full_amd64.txt
#29 CACHED

#30 [26/33] COPY test.sh /test.sh
#30 DONE 0.0s

#31 [27/33] COPY start.sh /start.sh
#31 DONE 0.0s

#32 exporting to image
#32 exporting layers 0.0s done
#32 writing image sha256:52b246b875d26f7c6440693b755c4d3ae7759c829e05b6a88f70e2f20c119956 done
#32 naming to docker.io/sswiston/phylo_docker:full_amd64 done
#32 DONE 0.0s

View build details: docker-desktop://dashboard/build/desktop-linux/desktop-linux/jo5j31dsxmokevvs1thdfudfo

 [33m1 warning found (use docker --debug to expand):
[0m - JSONArgsRecommended: JSON arguments recommended for CMD to prevent unintended behavior related to OS signals (line 109)
