#0 building with "desktop-linux" instance using docker driver

#1 [internal] load build definition from Dockerfile
#1 transferring dockerfile: 1.06kB 0.0s done
#1 WARN: JSONArgsRecommended: JSON arguments recommended for CMD to prevent unintended behavior related to OS signals (line 30)
#1 DONE 0.0s

#2 [internal] load metadata for docker.io/sswiston/phylo_docker:full_amd64
#2 DONE 0.0s

#3 [internal] load .dockerignore
#3 transferring context: 2B done
#3 DONE 0.0s

#4 [ 1/15] FROM docker.io/sswiston/phylo_docker:full_amd64
#4 DONE 0.0s

#5 [internal] load build context
#5 transferring context: 1.13kB done
#5 DONE 0.0s

#6 [ 9/15] COPY dockerfile_heavy_amd64.txt /dockerfile_heavy_amd64.txt
#6 CACHED

#7 [ 4/15] RUN git clone --depth=1 https://github.com/beagle-dev/beagle-lib.git
#7 CACHED

#8 [ 3/15] RUN wget https://github.com/beast-dev/beast-mcmc/releases/download/v10.5.0-beta5/BEAST_X_v10.5.0-beta5.tgz &&     tar zxvf BEAST_X_v10.5.0-beta5.tgz ; rm BEAST_X_v10.5.0-beta5.tgz
#8 CACHED

#9 [ 5/15] WORKDIR /beagle-lib
#9 CACHED

#10 [10/15] COPY test.sh /test.sh
#10 CACHED

#11 [ 7/15] WORKDIR /beagle-lib/build
#11 CACHED

#12 [ 8/15] RUN cmake .. ; make ; make install ; cpack .
#12 CACHED

#13 [ 2/15] RUN apk add --no-cache openjdk8
#13 CACHED

#14 [ 6/15] RUN mkdir build
#14 CACHED

#15 [11/15] COPY start.sh /start.sh
#15 CACHED

#16 exporting to image
#16 exporting layers done
#16 writing image sha256:87e406f5b798db1505c18d711a9681c8bc5fd148e63a42be5f94495e0d00db1e done
#16 naming to docker.io/sswiston/phylo_docker:heavy_amd64 done
#16 DONE 0.0s

View build details: docker-desktop://dashboard/build/desktop-linux/desktop-linux/e63ob67lq4x9ohpm9irxqrvs0

 [33m1 warning found (use docker --debug to expand):
[0m - JSONArgsRecommended: JSON arguments recommended for CMD to prevent unintended behavior related to OS signals (line 30)
