#0 building with "desktop-linux" instance using docker driver

#1 [internal] load build definition from Dockerfile
#1 transferring dockerfile: 1.55kB done
#1 DONE 0.0s

#2 [internal] load metadata for docker.io/frolvlad/alpine-glibc:latest
#2 ...

#3 [auth] frolvlad/alpine-glibc:pull token for registry-1.docker.io
#3 DONE 0.0s

#2 [internal] load metadata for docker.io/frolvlad/alpine-glibc:latest
#2 DONE 0.9s

#4 [internal] load .dockerignore
#4 transferring context: 2B done
#4 DONE 0.0s

#5 [ 1/16] FROM docker.io/frolvlad/alpine-glibc:latest@sha256:fffd7f5dbd5e8d12f11925e49122943a2e5029a340e582b5c99597a9e16d1bd5
#5 CACHED

#6 [internal] load build context
#6 transferring context: 75B done
#6 DONE 0.0s

#7 [ 2/16] RUN apk update &&     apk upgrade &&     apk add bash git unzip vim gcc g++ cmake protoc make automake autoconf curl curl-dev gfortran build-base
#7 0.439 fetch https://dl-cdn.alpinelinux.org/alpine/v3.21/main/aarch64/APKINDEX.tar.gz
#7 1.553 fetch https://dl-cdn.alpinelinux.org/alpine/v3.21/community/aarch64/APKINDEX.tar.gz
#7 CANCELED

 [33m6 warnings found (use docker --debug to expand):
[0m - JSONArgsRecommended: JSON arguments recommended for CMD to prevent unintended behavior related to OS signals (line 42)
 - LegacyKeyValueFormat: "ENV key=value" should be used instead of legacy "ENV key value" format (line 24)
 - LegacyKeyValueFormat: "ENV key=value" should be used instead of legacy "ENV key value" format (line 25)
 - LegacyKeyValueFormat: "ENV key=value" should be used instead of legacy "ENV key value" format (line 26)
 - UndefinedVar: Usage of undefined variable '$LD_LIBRARY_PATH' (line 27)
 - LegacyKeyValueFormat: "ENV key=value" should be used instead of legacy "ENV key value" format (line 27)
ERROR: failed to solve: Canceled: context canceled
